// Jest Snapshot v1, https://goo.gl/fbAQLP

exports[`<Search /> renders when there are no items 1`] = `
<div
  className="search"
>
  <div
    className="makeStyles-search-1"
    style={
      Object {
        "background": "#f4f1f1",
        "boxShadow": "0px 4px 4px rgb(0 0 0 / 25%)",
      }
    }
  >
    <div
      className="MuiInputBase-root makeStyles-inputRoot-3"
      onClick={[Function]}
    >
      <input
        aria-label="search"
        className="MuiInputBase-input makeStyles-inputInput-4"
        onAnimationStart={[Function]}
        onBlur={[Function]}
        onChange={[Function]}
        onFocus={[Function]}
        placeholder="Search…"
        type="text"
        value=""
      />
    </div>
    <span
      className="header__search__button"
      onClick={[Function]}
    >
      <svg
        aria-hidden={true}
        className="MuiSvgIcon-root"
        focusable="false"
        viewBox="0 0 24 24"
      >
        <path
          d="M15.5 14h-.79l-.28-.27C15.41 12.59 16 11.11 16 9.5 16 5.91 13.09 3 9.5 3S3 5.91 3 9.5 5.91 16 9.5 16c1.61 0 3.09-.59 4.23-1.57l.27.28v.79l5 4.99L20.49 19l-4.99-5zm-6 0C7.01 14 5 11.99 5 9.5S7.01 5 9.5 5 14 7.01 14 9.5 11.99 14 9.5 14z"
        />
      </svg>
    </span>
  </div>
</div>
`;

exports[`<Search /> should not display suggestion on click/focus in search input 1`] = `ReactWrapper {}`;

exports[`<Search /> should render snapshot 1`] = `
<div
  className="search"
>
  <div
    className="makeStyles-search-1"
    style={
      Object {
        "background": "#f4f1f1",
        "boxShadow": "0px 4px 4px rgb(0 0 0 / 25%)",
      }
    }
  >
    <div
      className="MuiInputBase-root makeStyles-inputRoot-3"
      onClick={[Function]}
    >
      <input
        aria-label="search"
        className="MuiInputBase-input makeStyles-inputInput-4"
        onAnimationStart={[Function]}
        onBlur={[Function]}
        onChange={[Function]}
        onFocus={[Function]}
        placeholder="Search…"
        type="text"
        value=""
      />
    </div>
    <span
      className="header__search__button"
      onClick={[Function]}
    >
      <svg
        aria-hidden={true}
        className="MuiSvgIcon-root"
        focusable="false"
        viewBox="0 0 24 24"
      >
        <path
          d="M15.5 14h-.79l-.28-.27C15.41 12.59 16 11.11 16 9.5 16 5.91 13.09 3 9.5 3S3 5.91 3 9.5 5.91 16 9.5 16c1.61 0 3.09-.59 4.23-1.57l.27.28v.79l5 4.99L20.49 19l-4.99-5zm-6 0C7.01 14 5 11.99 5 9.5S7.01 5 9.5 5 14 7.01 14 9.5 11.99 14 9.5 14z"
        />
      </svg>
    </span>
  </div>
</div>
`;

exports[`<Search /> should update input text on useState 1`] = `
<div
  className="search"
>
  <div
    className="makeStyles-search-1"
    style={
      Object {
        "background": "#f4f1f1",
        "boxShadow": "0px 4px 4px rgb(0 0 0 / 25%)",
      }
    }
  >
    <div
      className="MuiInputBase-root makeStyles-inputRoot-3"
      onClick={[Function]}
    >
      <input
        aria-label="search"
        className="MuiInputBase-input makeStyles-inputInput-4"
        onAnimationStart={[Function]}
        onBlur={[Function]}
        onChange={[Function]}
        onFocus={[Function]}
        placeholder="Search…"
        type="text"
        value=""
      />
    </div>
    <span
      className="header__search__button"
      onClick={[Function]}
    >
      <svg
        aria-hidden={true}
        className="MuiSvgIcon-root"
        focusable="false"
        viewBox="0 0 24 24"
      >
        <path
          d="M15.5 14h-.79l-.28-.27C15.41 12.59 16 11.11 16 9.5 16 5.91 13.09 3 9.5 3S3 5.91 3 9.5 5.91 16 9.5 16c1.61 0 3.09-.59 4.23-1.57l.27.28v.79l5 4.99L20.49 19l-4.99-5zm-6 0C7.01 14 5 11.99 5 9.5S7.01 5 9.5 5 14 7.01 14 9.5 11.99 14 9.5 14z"
        />
      </svg>
    </span>
  </div>
</div>
`;
